// Vitest Snapshot v1, https://vitest.dev/guide/snapshot.html

exports[`trie success > should build trie 1`] = `
Trie {
  "_char_to_index": Map {
    "a" => 0,
    "b" => 1,
    "c" => 2,
    "d" => 3,
    "e" => 4,
    "f" => 5,
    "g" => 6,
    "h" => 7,
    "i" => 8,
    "j" => 9,
    "k" => 10,
    "l" => 11,
    "m" => 12,
    "n" => 13,
    "o" => 14,
    "p" => 15,
    "q" => 16,
    "r" => 17,
    "s" => 18,
    "t" => 19,
    "u" => 20,
    "v" => 21,
    "w" => 22,
    "x" => 23,
    "y" => 24,
    "z" => 25,
    " " => 26,
  },
  "_n": 27,
  "_root": TrieNode {
    "_end": false,
    "_nextNode": [
      TrieNode {
        "_end": false,
        "_nextNode": [
          null,
          TrieNode {
            "_end": false,
            "_nextNode": [
              null,
              null,
              TrieNode {
                "_end": true,
                "_nextNode": [
                  null,
                  null,
                  null,
                  null,
                  null,
                  null,
                  null,
                  null,
                  null,
                  null,
                  null,
                  null,
                  null,
                  null,
                  null,
                  null,
                  null,
                  null,
                  null,
                  null,
                  null,
                  null,
                  null,
                  null,
                  null,
                  null,
                  null,
                ],
              },
              TrieNode {
                "_end": false,
                "_nextNode": [
                  TrieNode {
                    "_end": true,
                    "_nextNode": [
                      null,
                      null,
                      null,
                      null,
                      null,
                      null,
                      null,
                      null,
                      null,
                      null,
                      null,
                      null,
                      null,
                      null,
                      null,
                      null,
                      null,
                      null,
                      null,
                      null,
                      null,
                      null,
                      null,
                      null,
                      null,
                      null,
                      null,
                    ],
                  },
                  null,
                  null,
                  null,
                  null,
                  null,
                  null,
                  null,
                  null,
                  null,
                  null,
                  null,
                  null,
                  null,
                  null,
                  null,
                  null,
                  null,
                  null,
                  null,
                  null,
                  null,
                  null,
                  null,
                  null,
                  null,
                  null,
                ],
              },
              null,
              null,
              null,
              null,
              null,
              null,
              null,
              null,
              null,
              null,
              null,
              null,
              null,
              null,
              null,
              null,
              null,
              null,
              null,
              null,
              null,
              null,
              null,
            ],
          },
          null,
          null,
          null,
          null,
          null,
          null,
          null,
          null,
          null,
          null,
          null,
          null,
          null,
          null,
          null,
          null,
          null,
          null,
          null,
          null,
          null,
          null,
          null,
          null,
          null,
        ],
      },
      TrieNode {
        "_end": false,
        "_nextNode": [
          TrieNode {
            "_end": false,
            "_nextNode": [
              null,
              null,
              null,
              null,
              null,
              null,
              null,
              null,
              null,
              null,
              null,
              null,
              null,
              TrieNode {
                "_end": true,
                "_nextNode": [
                  TrieNode {
                    "_end": false,
                    "_nextNode": [
                      null,
                      null,
                      null,
                      null,
                      null,
                      null,
                      null,
                      null,
                      null,
                      null,
                      null,
                      null,
                      null,
                      TrieNode {
                        "_end": false,
                        "_nextNode": [
                          TrieNode {
                            "_end": true,
                            "_nextNode": [
                              null,
                              null,
                              null,
                              null,
                              null,
                              null,
                              null,
                              null,
                              null,
                              null,
                              null,
                              null,
                              null,
                              null,
                              null,
                              null,
                              null,
                              null,
                              null,
                              null,
                              null,
                              null,
                              null,
                              null,
                              null,
                              null,
                              null,
                            ],
                          },
                          null,
                          null,
                          null,
                          null,
                          null,
                          null,
                          null,
                          null,
                          null,
                          null,
                          null,
                          null,
                          null,
                          null,
                          null,
                          null,
                          null,
                          null,
                          null,
                          null,
                          null,
                          null,
                          null,
                          null,
                          null,
                          null,
                        ],
                      },
                      null,
                      null,
                      null,
                      null,
                      null,
                      null,
                      null,
                      null,
                      null,
                      null,
                      null,
                      null,
                      null,
                    ],
                  },
                  null,
                  null,
                  null,
                  null,
                  null,
                  null,
                  null,
                  null,
                  null,
                  null,
                  null,
                  null,
                  null,
                  null,
                  null,
                  null,
                  null,
                  null,
                  null,
                  null,
                  null,
                  null,
                  null,
                  null,
                  null,
                  null,
                ],
              },
              null,
              null,
              null,
              null,
              null,
              null,
              null,
              null,
              null,
              null,
              null,
              null,
              null,
            ],
          },
          null,
          null,
          null,
          null,
          null,
          null,
          null,
          null,
          null,
          null,
          null,
          null,
          null,
          null,
          null,
          null,
          null,
          null,
          null,
          null,
          null,
          null,
          null,
          null,
          null,
          null,
        ],
      },
      null,
      null,
      null,
      null,
      null,
      null,
      null,
      null,
      null,
      null,
      null,
      null,
      null,
      null,
      null,
      null,
      null,
      null,
      null,
      null,
      null,
      null,
      null,
      null,
      null,
    ],
  },
}
`;
